
> soberania-lp@1.0.0 build
> vite build && esbuild server/index.ts --platform=node --packages=external --bundle --format=esm --outdir=dist

[36mvite v7.3.1 [32mbuilding client environment for production...[36m[39m
node.exe : [33m[1m(!) 
%VITE_ANALYTICS_ENDPOINT% is 
not defined in env variables 
found in /index.html. Is the 
variable mistyped?[22m[39m
No linha:1 caractere:1
+ & "C:\Program 
Files\nodejs/node.exe" 
"C:\Program 
Files\nodejs/node_mo ...
+ ~~~~~~~~~~~~~~~~~~~~~~~~~~~~
~~~~~~~~~~~~~~~~~~~~~~~~~~~~~~
~~~~~~~~~~~
    + CategoryInfo          : 
    NotSpecified: ([33m[1m  
  (!) %V...yped?[22m[39m:   
 String) [], RemoteExcepti    
on
    + FullyQualifiedErrorId : 
    NativeCommandError
 
[33m[1m(!) 
%VITE_ANALYTICS_WEBSITE_ID% 
is not defined in env 
variables found in 
/index.html. Is the variable 
mistyped?[22m[39m
<script src="%VITE_ANALYTICS_E
NDPOINT%/umami"> in 
"/index.html" can't be 
bundled without type="module" 
attribute
transforming...
[32mÔ£ô[39m 36 modules transformed.
[31mÔ£ù[39m Build failed in 
2.05s
[31merror during build:
[31mCould not resolve 
"../components/Footer" from "c
lient/src/pages/NotFound.tsx"
[31m
file: [36mC:/Users/marco/Down
loads/soberania-lp/client/src/
pages/NotFound.tsx[31m
    at getRollupError (file://
/C:/Users/marco/Downloads/sobe
rania-lp/node_modules/rollup/d
ist/es/shared/parseAst.js:402:
41)
    at error (file:///C:/Users
/marco/Downloads/soberania-lp/
node_modules/rollup/dist/es/sh
ared/parseAst.js:398:42)
    at ModuleLoader.handleInva
lidResolvedId (file:///C:/User
s/marco/Downloads/soberania-lp
/node_modules/rollup/dist/es/s
hared/node-entry.js:21710:24)
    at file:///C:/Users/marco/
Downloads/soberania-lp/node_mo
dules/rollup/dist/es/shared/no
de-entry.js:21670:26[39m
